---
source: tests/golden_tools.rs
expression: stable
---
{
  "error": "no doc called \"nope\"",
  "docs": [
    {
      "topic": "quickstart",
      "title": "Quickstart"
    },
    {
      "topic": "installation",
      "title": "Installation"
    },
    {
      "topic": "agents",
      "title": "AI agents & MCP"
    },
    {
      "topic": "concepts",
      "title": "Concepts"
    },
    {
      "topic": "deployment",
      "title": "Deployment"
    }
  ]
}
