---
source: tests/migrations.rs
expression: info(&db).await
---
{
  "accesses": [],
  "analyzers": [
    {
      "filters": [
        "LOWERCASE",
        "SNOWBALL(ENGLISH)"
      ],
      "name": "cache_text_analyzer",
      "tokenizers": [
        "BLANK",
        "CLASS"
      ]
    }
  ],
  "apis": [],
  "buckets": [],
  "configs": [],
  "functions": [],
  "models": [],
  "modules": [],
  "params": [],
  "sequences": [],
  "tables": [
    {
      "drop": false,
      "schemafull": true,
      "kind": {
        "kind": "NORMAL"
      },
      "name": "api_token",
      "permissions": {
        "create": false,
        "delete": false,
        "select": false,
        "update": false
      },
      "indexes": [
        {
          "cols": [
            "token_hash"
          ],
          "index": "UNIQUE",
          "name": "api_token_hash_unique",
          "table": "api_token"
        },
        {
          "cols": [
            "owner"
          ],
          "index": "",
          "name": "api_token_owner_idx",
          "table": "api_token"
        }
      ]
    },
    {
      "drop": false,
      "schemafull": true,
      "kind": {
        "kind": "NORMAL"
      },
      "name": "app_settings",
      "permissions": {
        "create": false,
        "delete": false,
        "select": false,
        "update": false
      },
      "indexes": [
        {
          "cols": [
            "owner"
          ],
          "index": "UNIQUE",
          "name": "app_settings_owner_unique",
          "table": "app_settings"
        }
      ]
    },
    {
      "drop": false,
      "schemafull": true,
      "kind": {
        "kind": "NORMAL"
      },
      "name": "audit_event",
      "permissions": {
        "create": true,
        "delete": false,
        "select": true,
        "update": false
      },
      "indexes": [
        {
          "cols": [
            "trace_id"
          ],
          "index": "",
          "name": "audit_event_trace_idx",
          "table": "audit_event"
        },
        {
          "cols": [
            "user",
            "created_at"
          ],
          "index": "",
          "name": "audit_event_user_idx",
          "table": "audit_event"
        }
      ]
    },
    {
      "drop": false,
      "schemafull": true,
      "kind": {
        "kind": "NORMAL"
      },
      "name": "audit_log",
      "permissions": {
        "create": false,
        "delete": false,
        "select": false,
        "update": false
      },
      "indexes": [
        {
          "cols": [
            "owner",
            "created_at"
          ],
          "index": "",
          "name": "audit_log_owner_idx",
          "table": "audit_log"
        }
      ]
    },
    {
      "drop": false,
      "schemafull": true,
      "kind": {
        "kind": "NORMAL"
      },
      "name": "cache_record",
      "permissions": {
        "create": false,
        "delete": false,
        "select": false,
        "update": false
      },
      "indexes": [
        {
          "cols": [
            "body_text"
          ],
          "index": "FULLTEXT ANALYZER cache_text_analyzer BM25(1.2,0.75) HIGHLIGHTS",
          "name": "cache_record_body_fts",
          "table": "cache_record"
        },
        {
          "cols": [
            "embedding"
          ],
          "index": "HNSW DIMENSION 1536 DIST COSINE TYPE F32 EFC 150 M 12 M0 24 LM 0.40242960438184466f",
          "name": "cache_record_embedding_idx",
          "table": "cache_record"
        },
        {
          "cols": [
            "occurred_at"
          ],
          "index": "",
          "name": "cache_record_occurred",
          "table": "cache_record"
        },
        {
          "cols": [
            "owner"
          ],
          "index": "",
          "name": "cache_record_owner_idx",
          "table": "cache_record"
        },
        {
          "cols": [
            "source",
            "type"
          ],
          "index": "",
          "name": "cache_record_source_type",
          "table": "cache_record"
        },
        {
          "cols": [
            "title"
          ],
          "index": "FULLTEXT ANALYZER cache_text_analyzer BM25(1.2,0.75) HIGHLIGHTS",
          "name": "cache_record_title_fts",
          "table": "cache_record"
        }
      ]
    },
    {
      "drop": false,
      "schemafull": true,
      "kind": {
        "kind": "NORMAL"
      },
      "name": "chat_message",
      "permissions": {
        "create": false,
        "delete": false,
        "select": false,
        "update": false
      },
      "indexes": [
        {
          "cols": [
            "owner",
            "created_at"
          ],
          "index": "",
          "name": "chat_message_owner_idx",
          "table": "chat_message"
        },
        {
          "cols": [
            "thread_id",
            "created_at"
          ],
          "index": "",
          "name": "chat_message_thread_idx",
          "table": "chat_message"
        }
      ]
    },
    {
      "drop": false,
      "schemafull": true,
      "kind": {
        "kind": "NORMAL"
      },
      "name": "chat_thread",
      "permissions": {
        "create": false,
        "delete": false,
        "select": false,
        "update": false
      },
      "indexes": [
        {
          "cols": [
            "owner",
            "updated_at"
          ],
          "index": "",
          "name": "chat_thread_owner_idx",
          "table": "chat_thread"
        }
      ]
    },
    {
      "drop": false,
      "schemafull": true,
      "kind": {
        "kind": "NORMAL"
      },
      "name": "connector",
      "permissions": {
        "create": false,
        "delete": false,
        "select": false,
        "update": false
      },
      "indexes": [
        {
          "cols": [
            "owner",
            "kind"
          ],
          "index": "UNIQUE",
          "name": "connector_owner_kind_unique",
          "table": "connector"
        }
      ]
    },
    {
      "drop": false,
      "schemafull": true,
      "kind": {
        "kind": "NORMAL"
      },
      "name": "embed_cache",
      "permissions": {
        "create": false,
        "delete": false,
        "select": false,
        "update": false
      },
      "indexes": [
        {
          "cols": [
            "text_hmac"
          ],
          "index": "UNIQUE",
          "name": "embed_cache_hmac_unique",
          "table": "embed_cache"
        }
      ]
    },
    {
      "drop": false,
      "schemafull": true,
      "kind": {
        "kind": "NORMAL"
      },
      "name": "failure_capsule",
      "permissions": {
        "create": false,
        "delete": false,
        "select": false,
        "update": false
      },
      "indexes": [
        {
          "cols": [
            "created_at"
          ],
          "index": "",
          "name": "failure_capsule_created_idx",
          "table": "failure_capsule"
        }
      ]
    },
    {
      "drop": false,
      "schemafull": true,
      "kind": {
        "kind": "NORMAL"
      },
      "name": "file",
      "permissions": {
        "create": false,
        "delete": false,
        "select": false,
        "update": false
      },
      "indexes": [
        {
          "cols": [
            "vault",
            "name"
          ],
          "index": "",
          "name": "file_vault_name_idx",
          "table": "file"
        },
        {
          "cols": [
            "vault",
            "name"
          ],
          "index": "UNIQUE",
          "name": "file_vault_name_unique",
          "table": "file"
        }
      ]
    },
    {
      "drop": false,
      "schemafull": true,
      "kind": {
        "kind": "NORMAL"
      },
      "name": "job",
      "permissions": {
        "create": false,
        "delete": false,
        "select": false,
        "update": false
      },
      "indexes": [
        {
          "cols": [
            "idempotency_key"
          ],
          "index": "UNIQUE",
          "name": "job_idempotency_unique",
          "table": "job"
        },
        {
          "cols": [
            "status",
            "locked_until"
          ],
          "index": "",
          "name": "job_lease_idx",
          "table": "job"
        },
        {
          "cols": [
            "status",
            "run_at"
          ],
          "index": "",
          "name": "job_ready_idx",
          "table": "job"
        }
      ]
    },
    {
      "drop": false,
      "schemafull": true,
      "kind": {
        "kind": "NORMAL"
      },
      "name": "job_leader",
      "permissions": {
        "create": false,
        "delete": false,
        "select": false,
        "update": false
      },
      "indexes": []
    },
    {
      "drop": false,
      "schemafull": true,
      "kind": {
        "enforced": false,
        "in": [
          "cache_record"
        ],
        "kind": "RELATION",
        "out": [
          "cache_record"
        ]
      },
      "name": "linked_to",
      "permissions": {
        "create": false,
        "delete": false,
        "select": false,
        "update": false
      },
      "indexes": [
        {
          "cols": [
            "in",
            "out",
            "rel"
          ],
          "index": "UNIQUE",
          "name": "linked_to_unique",
          "table": "linked_to"
        }
      ]
    },
    {
      "drop": false,
      "schemafull": true,
      "kind": {
        "kind": "NORMAL"
      },
      "name": "location",
      "permissions": {
        "create": false,
        "delete": false,
        "select": false,
        "update": false
      },
      "indexes": [
        {
          "cols": [
            "vault",
            "name"
          ],
          "index": "",
          "name": "location_vault_name_idx",
          "table": "location"
        },
        {
          "cols": [
            "vault",
            "name"
          ],
          "index": "UNIQUE",
          "name": "location_vault_name_unique",
          "table": "location"
        }
      ]
    },
    {
      "drop": false,
      "schemafull": true,
      "kind": {
        "kind": "NORMAL"
      },
      "name": "memory",
      "permissions": {
        "create": false,
        "delete": false,
        "select": false,
        "update": false
      },
      "indexes": [
        {
          "cols": [
            "subject"
          ],
          "index": "",
          "name": "memory_subject_idx",
          "table": "memory"
        },
        {
          "cols": [
            "text"
          ],
          "index": "FULLTEXT ANALYZER cache_text_analyzer BM25(1.2,0.75)",
          "name": "memory_text_fts_idx",
          "table": "memory"
        },
        {
          "cols": [
            "type",
            "status"
          ],
          "index": "",
          "name": "memory_type_status_idx",
          "table": "memory"
        },
        {
          "cols": [
            "vault"
          ],
          "index": "",
          "name": "memory_vault_idx",
          "table": "memory"
        }
      ]
    },
    {
      "drop": false,
      "schemafull": true,
      "kind": {
        "kind": "NORMAL"
      },
      "name": "oauth_client",
      "permissions": {
        "create": false,
        "delete": false,
        "select": false,
        "update": false
      },
      "indexes": [
        {
          "cols": [
            "client_id"
          ],
          "index": "UNIQUE",
          "name": "oauth_client_id_unique",
          "table": "oauth_client"
        }
      ]
    },
    {
      "drop": false,
      "schemafull": true,
      "kind": {
        "kind": "NORMAL"
      },
      "name": "oauth_code",
      "permissions": {
        "create": false,
        "delete": false,
        "select": false,
        "update": false
      },
      "indexes": [
        {
          "cols": [
            "code_hash"
          ],
          "index": "UNIQUE",
          "name": "oauth_code_hash_unique",
          "table": "oauth_code"
        }
      ]
    },
    {
      "drop": false,
      "schemafull": true,
      "kind": {
        "kind": "NORMAL"
      },
      "name": "oauth_grant",
      "permissions": {
        "create": false,
        "delete": false,
        "select": false,
        "update": false
      },
      "indexes": [
        {
          "cols": [
            "owner"
          ],
          "index": "",
          "name": "oauth_grant_owner_idx",
          "table": "oauth_grant"
        }
      ]
    },
    {
      "drop": false,
      "schemafull": true,
      "kind": {
        "kind": "NORMAL"
      },
      "name": "oauth_token",
      "permissions": {
        "create": false,
        "delete": false,
        "select": false,
        "update": false
      },
      "indexes": [
        {
          "cols": [
            "family"
          ],
          "index": "",
          "name": "oauth_token_family_idx",
          "table": "oauth_token"
        },
        {
          "cols": [
            "token_hash"
          ],
          "index": "UNIQUE",
          "name": "oauth_token_hash_unique",
          "table": "oauth_token"
        }
      ]
    },
    {
      "drop": false,
      "schemafull": true,
      "kind": {
        "kind": "NORMAL"
      },
      "name": "organisation",
      "permissions": {
        "create": false,
        "delete": false,
        "select": false,
        "update": false
      },
      "indexes": [
        {
          "cols": [
            "vault",
            "name"
          ],
          "index": "",
          "name": "organisation_vault_name_idx",
          "table": "organisation"
        },
        {
          "cols": [
            "vault",
            "name"
          ],
          "index": "UNIQUE",
          "name": "organisation_vault_name_unique",
          "table": "organisation"
        }
      ]
    },
    {
      "drop": false,
      "schemafull": true,
      "kind": {
        "kind": "NORMAL"
      },
      "name": "person",
      "permissions": {
        "create": false,
        "delete": false,
        "select": false,
        "update": false
      },
      "indexes": [
        {
          "cols": [
            "vault",
            "name"
          ],
          "index": "",
          "name": "person_vault_name_idx",
          "table": "person"
        },
        {
          "cols": [
            "vault",
            "name"
          ],
          "index": "UNIQUE",
          "name": "person_vault_name_unique",
          "table": "person"
        }
      ]
    },
    {
      "drop": false,
      "schemafull": true,
      "kind": {
        "enforced": false,
        "in": [
          "person",
          "organisation",
          "location",
          "repository",
          "file",
          "symbol"
        ],
        "kind": "RELATION",
        "out": [
          "person",
          "organisation",
          "location",
          "repository",
          "file",
          "symbol"
        ]
      },
      "name": "relates_to",
      "permissions": {
        "create": false,
        "delete": false,
        "select": false,
        "update": false
      },
      "indexes": [
        {
          "cols": [
            "in",
            "out",
            "label"
          ],
          "index": "UNIQUE",
          "name": "relates_to_unique",
          "table": "relates_to"
        }
      ]
    },
    {
      "drop": false,
      "schemafull": true,
      "kind": {
        "kind": "NORMAL"
      },
      "name": "repository",
      "permissions": {
        "create": false,
        "delete": false,
        "select": false,
        "update": false
      },
      "indexes": [
        {
          "cols": [
            "vault",
            "name"
          ],
          "index": "",
          "name": "repository_vault_name_idx",
          "table": "repository"
        },
        {
          "cols": [
            "vault",
            "name"
          ],
          "index": "UNIQUE",
          "name": "repository_vault_name_unique",
          "table": "repository"
        }
      ]
    },
    {
      "drop": false,
      "schemafull": true,
      "kind": {
        "kind": "NORMAL"
      },
      "name": "session",
      "permissions": {
        "create": false,
        "delete": false,
        "select": false,
        "update": false
      },
      "indexes": [
        {
          "cols": [
            "owner"
          ],
          "index": "",
          "name": "session_owner_idx",
          "table": "session"
        },
        {
          "cols": [
            "sid"
          ],
          "index": "UNIQUE",
          "name": "session_sid_unique",
          "table": "session"
        }
      ]
    },
    {
      "drop": false,
      "schemafull": true,
      "kind": {
        "kind": "NORMAL"
      },
      "name": "symbol",
      "permissions": {
        "create": false,
        "delete": false,
        "select": false,
        "update": false
      },
      "indexes": [
        {
          "cols": [
            "vault",
            "name"
          ],
          "index": "",
          "name": "symbol_vault_name_idx",
          "table": "symbol"
        },
        {
          "cols": [
            "vault",
            "name"
          ],
          "index": "UNIQUE",
          "name": "symbol_vault_name_unique",
          "table": "symbol"
        }
      ]
    },
    {
      "drop": false,
      "schemafull": true,
      "kind": {
        "kind": "NORMAL"
      },
      "name": "sync_status",
      "permissions": {
        "create": false,
        "delete": false,
        "select": false,
        "update": false
      },
      "indexes": []
    },
    {
      "drop": false,
      "schemafull": true,
      "kind": {
        "kind": "NORMAL"
      },
      "name": "user",
      "permissions": {
        "create": false,
        "delete": false,
        "select": false,
        "update": false
      },
      "indexes": [
        {
          "cols": [
            "email"
          ],
          "index": "UNIQUE",
          "name": "user_email_unique",
          "table": "user"
        }
      ]
    },
    {
      "drop": false,
      "schemafull": true,
      "kind": {
        "kind": "NORMAL"
      },
      "name": "vault",
      "permissions": {
        "create": false,
        "delete": false,
        "select": false,
        "update": false
      },
      "indexes": []
    },
    {
      "drop": false,
      "schemafull": true,
      "kind": {
        "kind": "NORMAL"
      },
      "name": "vault_member",
      "permissions": {
        "create": false,
        "delete": false,
        "select": false,
        "update": false
      },
      "indexes": [
        {
          "cols": [
            "vault",
            "user"
          ],
          "index": "UNIQUE",
          "name": "vault_member_unique",
          "table": "vault_member"
        },
        {
          "cols": [
            "user"
          ],
          "index": "",
          "name": "vault_member_user_idx",
          "table": "vault_member"
        }
      ]
    }
  ],
  "users": []
}
